[backblue.gif]
[fade.gif]
[index.html]
[ir.ebaystatic.com/include/css/e1071/us/legacy/ebay_SSL_e10711us.css]
[ir.ebaystatic.com/include/css/e1071/us/offer/BidHistoryRedesign_SSL_e10711us.css]
[secureir.ebaystatic.com/v4js/z/yy/aaa5p3nkya2onh2wvw0vhpasj.js]
[secureinclude.ebaystatic.com/js/e1065/us/ebaybase_v4_e10651us.js]
[secureinclude.ebaystatic.com/js/e1065/us/ebaysup_e10651us.js]
[ir.ebaystatic.com/rs/v/vbfgz414rqz5lnmzcfypj25lbyd8e68.css]
[ir.ebaystatic.com/rs/v/fxxj3ttftm5ltcqnto1o4baovyl.png]
[ir.ebaystatic.com/rs/v/mh1aljwhjezwbfvxzgcpofiehuo.js]
[ir.ebaystatic.com/include/js/e1071/us/features/offer/pageviewbidsdutchhighbidderbody_e10712us.js]
[pics.ebaystatic.com/aw/pics/globalAssets/imgOverlayCorners.gif]
[pics.ebaystatic.com/aw/pics/globalAssets/imgOverlayShade.gif]
[ir.ebaystatic.com/pictures/aw/pics/s.gif]
[ir.ebaystatic.com/pictures/aw/pics/icon/iconTealStar_25x25.gif]
[ir.ebaystatic.com/pictures/aw/pics/icon/iconBlueStar_25x25.gif]
[ir.ebaystatic.com/pictures/aw/pics/icon/iconYellowStar_25x25.gif]
[ir.ebaystatic.com/pictures/aw/pics/icon/iconRedStar_25x25.gif]
[ir.ebaystatic.com/pictures/aw/pics/icon/iconPurpleStar_25x25.gif]
[i.ebayimg.com/00/s/MTYwMFgxMzYy/z/E0YAAOSwm3paAg_3/$_1.jpg]
[ir.ebaystatic.com/pictures/aw/pics/icon/iconInfo_16x16.gif]
[offer.ebay.com/ws/eBayISAPI5f7a.html]
[ir.ebaystatic.com/include/css/e1071/us/legacy/ebay_SSL_e10711us.css]
[pics.ebaystatic.com/aw/pics/buttons/btnViPrmry.gif]
[pics.ebaystatic.com/aw/pics/viewitem/imgVIPrmryBtnLt.gif]
[pics.ebaystatic.com/aw/pics/globalAssets/imgPanelULGrey.gif]
[pics.ebaystatic.com/aw/pics/globalAssets/imgPanelURGrey.gif]
[pics.ebaystatic.com/aw/pics/globalAssets/imgPanelLRGrey.gif]
[pics.ebaystatic.com/aw/pics/globalAssets/imgPanelLLGrey.gif]
[pics.ebaystatic.com/aw/pics/globalAssets/imgPanelULYellow.gif]
[pics.ebaystatic.com/aw/pics/globalAssets/imgPanelURYellow.gif]
[pics.ebaystatic.com/aw/pics/globalAssets/imgPanelLRYellow.gif]
[pics.ebaystatic.com/aw/pics/globalAssets/imgPanelLLYellow.gif]
[pics.ebaystatic.com/aw/pics/globalAssets/imgRndCnrBlank.gif]
[pics.ebaystatic.com/aw/pics/express/button/btn2left.gif]
[pics.ebaystatic.com/aw/pics/express/button/btn2Right.gif]
[pics.ebaystatic.com/aw/pics/express/button/btn2Bkgd.jpg]
[pics.ebaystatic.com/aw/pics/globalAssets/imgOverlay2_1x1.png]
[pics.ebaystatic.com/aw/pics/icon/iconSuccess_16x16.gif]
[pics.ebaystatic.com/aw/pics/icon/iconMessage_16x16.gif]
[pics.ebaystatic.com/aw/pics/cmp/btn/sprbtnprimary.png]
[pics.ebaystatic.com/aw/pics/icon/iconInfo_16x16.gif]
[pics.ebaystatic.com/aw/pics/icon/iconAlert_16x16.gif]
[ir.ebaystatic.com/include/css/e1071/us/offer/BidHistoryRedesign_SSL_e10711us.css]
[secureir.ebaystatic.com/v4js/z/yy/aaa5p3nkya2onh2wvw0vhpasj.js]
[ir.ebaystatic.com/rs/v/apstidvcvu5pxlbxkphrrdo5iqv.png]
[ir.ebaystatic.com/rs/v/vbfgz414rqz5lnmzcfypj25lbyd8e68.css]
[securepics.ebaystatic.com/aw/pics/s.gif]
[ir.ebaystatic.com/f/logwisyb5e5yddn4zmlg5mnhbab.js]
[ir.ebaystatic.com/rs/v/3t4uoe3epa3mnh3ayt1j1pos2y1.js]
[ir.ebaystatic.com/rs/v/mh1aljwhjezwbfvxzgcpofiehuo.js]
[offer.ebay.com/ws/webtv/index.html]
[ir.ebaystatic.com/f/logwisyb5e5yddn4zmlg5mnhbab.js]
[offer.ebay.com/ws/immo.ebay.be/fr/index.html]
[ir.ebaystatic.com/rs/v/3t4uoe3epa3mnh3ayt1j1pos2y1.js]
